[2026-09-19 16:13:14] [INFO] ReconX v1.0.0 initialized for target: 127.0.0.1 (IPV4)
[2026-09-19 16:13:14] [INFO] Scan mode: QUICK | Output Directory: /mnt/d/Recon tool/reports/127.0.0.1_2026-09-19_161314
[2026-09-19 16:13:14] [INFO] Initiating reconnaissance workflow in [QUICK] mode...
[2026-09-19 16:13:14] [INFO] Executing reachability check (ICMP ping)...
[2026-09-19 16:13:17] [SUCCESS] Host is REACHABLE (4/4 probes received, avg latency: 0.051 ms)
[2026-09-19 16:13:17] [INFO] Executing DNS enumeration using DIG...
[2026-09-19 16:13:18] [INFO] Performing Reverse DNS lookup for 127.0.0.1...
[2026-09-19 16:13:18] [INFO] Collecting authoritative DNS delegation trace (dig +trace)...
[2026-09-19 16:13:18] [SUCCESS] DNS reconnaissance completed (11 total records discovered)
[2026-09-19 16:13:18] [INFO] Performing WHOIS registration lookup...
[2026-09-19 16:13:18] [SUCCESS] WHOIS lookup completed successfully.
[2026-09-19 16:13:18] [INFO] Executing Nmap host discovery (ping sweep / live host resolution)...
[2026-09-19 16:13:18] [SUCCESS] Host discovery completed. Identified 1 active host(s).
[2026-09-19 16:13:18] [INFO] Executing TCP port scan...
[2026-09-19 16:13:18] [INFO] Scanning top 100 TCP ports (TCP Connect -sT)...
[2026-09-19 16:13:18] [SUCCESS] Port scanning completed. Found 0 open TCP port(s).
[2026-09-19 16:13:18] [INFO] Executing service version detection (-sV)...
[2026-09-19 16:13:19] [SUCCESS] Service version detection completed (0 service banner(s) fingerprinted).
[2026-09-19 16:13:19] [INFO] Compiling self-contained HTML reconnaissance dashboard...
[2026-09-19 16:13:20] [SUCCESS] HTML reconnaissance report generated: /mnt/d/Recon tool/reports/127.0.0.1_2026-09-19_161314/report.html
